
> react-typescript-starter@0.1.0 test
> react-scripts test --coverage

Browserslist: caniuse-lite is outdated. Please run:
  npx browserslist@latest --update-db
  Why you should do it regularly: https://github.com/browserslist/browserslist#browsers-data-updating
PASS src/arrays.test.ts
PASS src/HtmlCss.test.tsx
  ● Console

    console.error
      Warning: validateDOMNesting(...): <h1> cannot appear as a descendant of <p>.
          at h1
          at p
          at div
          at App

      at printWarning (node_modules/react-dom/cjs/react-dom.development.js:67:30)
      at error (node_modules/react-dom/cjs/react-dom.development.js:43:5)
      at validateDOMNesting (node_modules/react-dom/cjs/react-dom.development.js:10083:7)
      at createInstance (node_modules/react-dom/cjs/react-dom.development.js:10181:5)
      at completeWork (node_modules/react-dom/cjs/react-dom.development.js:19464:28)
      at completeUnitOfWork (node_modules/react-dom/cjs/react-dom.development.js:22812:16)
      at performUnitOfWork (node_modules/react-dom/cjs/react-dom.development.js:22787:5)
      at workLoopSync (node_modules/react-dom/cjs/react-dom.development.js:22707:5)

PASS src/functions.test.ts
PASS src/text.test.tsx
  ● Console

    console.error
      Warning: validateDOMNesting(...): <h1> cannot appear as a descendant of <p>.
          at h1
          at p
          at div
          at App

      at printWarning (node_modules/react-dom/cjs/react-dom.development.js:67:30)
      at error (node_modules/react-dom/cjs/react-dom.development.js:43:5)
      at validateDOMNesting (node_modules/react-dom/cjs/react-dom.development.js:10083:7)
      at createInstance (node_modules/react-dom/cjs/react-dom.development.js:10181:5)
      at completeWork (node_modules/react-dom/cjs/react-dom.development.js:19464:28)
      at completeUnitOfWork (node_modules/react-dom/cjs/react-dom.development.js:22812:16)
      at performUnitOfWork (node_modules/react-dom/cjs/react-dom.development.js:22787:5)
      at workLoopSync (node_modules/react-dom/cjs/react-dom.development.js:22707:5)

PASS src/App.test.tsx
  ● Console

    console.error
      Warning: validateDOMNesting(...): <h1> cannot appear as a descendant of <p>.
          at h1
          at p
          at div
          at App

      at printWarning (node_modules/react-dom/cjs/react-dom.development.js:67:30)
      at error (node_modules/react-dom/cjs/react-dom.development.js:43:5)
      at validateDOMNesting (node_modules/react-dom/cjs/react-dom.development.js:10083:7)
      at createInstance (node_modules/react-dom/cjs/react-dom.development.js:10181:5)
      at completeWork (node_modules/react-dom/cjs/react-dom.development.js:19464:28)
      at completeUnitOfWork (node_modules/react-dom/cjs/react-dom.development.js:22812:16)
      at performUnitOfWork (node_modules/react-dom/cjs/react-dom.development.js:22787:5)
      at workLoopSync (node_modules/react-dom/cjs/react-dom.development.js:22707:5)

--------------|---------|----------|---------|---------|-------------------
File          | % Stmts | % Branch | % Funcs | % Lines | Uncovered Line #s 
--------------|---------|----------|---------|---------|-------------------
All files     |     100 |      100 |     100 |     100 |                   
 App.tsx      |     100 |      100 |     100 |     100 |                   
 arrays.ts    |     100 |      100 |     100 |     100 |                   
 functions.ts |     100 |      100 |     100 |     100 |                   
--------------|---------|----------|---------|---------|-------------------

Test Suites: 5 passed, 5 total
Tests:       23 passed, 23 total
Snapshots:   0 total
Time:        5.026 s
Ran all test suites.
